mingw32-make: Entering directory 'D:/Root/Gamedev/VibeReaper/build'
[  9%] Building CXX object CMakeFiles/VibeReaper.dir/src/Engine/BrushConverter.cpp.obj
mingw32-make : In file includ
ed from D:\Root\Gamedev\VibeR
eaper\src\Engine\BrushConvert
er.h:3,
At line:1 char:1
+ mingw32-make -C build 2>&1 
| Tee-Object build_output.txt
+ ~~~~~~~~~~~~~~~~~~~~~~~~~~
    + CategoryInfo           
   : NotSpecified: (In file  
   include...hConverter.h:   
 3,:String) [], RemoteExc    
eption
    + FullyQualifiedErrorId  
   : NativeCommandError
 
                 from D:\Root
\Gamedev\VibeReaper\src\Engin
e\BrushConverter.cpp:1:
D:\Root\Gamedev\VibeReaper\sr
c\Engine\MapLoader.h:6:10: fa
tal error: glm/glm.hpp: No su
ch file or directory
    6 | #include <glm/glm.hpp
>
      |          ^~~~~~~~~~~~
~
compilation terminated.
mingw32-make[2]: *** [CMakeFi
les\VibeReaper.dir\build.make
:79: CMakeFiles/VibeReaper.di
r/src/Engine/BrushConverter.c
pp.obj] Error 1
mingw32-make[1]: *** [CMakeFi
les\Makefile2:86: CMakeFiles/
VibeReaper.dir/all] Error 2
mingw32-make: *** [makefile:9
0: all] Error 2
mingw32-make: Leaving directory 'D:/Root/Gamedev/VibeReaper/build'
